// Jest Snapshot v1, https://goo.gl/fbAQLP

exports[`Calendar Should render 1`] = `
<div>
  <header>
    <button
      onClick={[Function]}
    >
      ←
    </button>
    <div>
      August 2017
    </div>
    <button
      onClick={[Function]}
    >
      →
    </button>
  </header>
  <div
    className="sc-bwzfXH dZiufd"
  >
    <div>
      Sun
    </div>
    <div>
      Mon
    </div>
    <div>
      Tues
    </div>
    <div>
      Wed
    </div>
    <div>
      Thurs
    </div>
    <div>
      Fri
    </div>
    <div>
      Sat
    </div>
  </div>
  <div
    className="sc-htpNat gEZWXX"
  >
    <div
      className="sc-bdVaJa fNcbOa"
    >
      1
    </div>
    <div
      className="sc-bdVaJa fpznfK"
    >
      2
    </div>
    <div
      className="sc-bdVaJa hELaXa"
    >
      3
    </div>
    <div
      className="sc-bdVaJa bHSUef"
    >
      4
    </div>
    <div
      className="sc-bdVaJa dEOBQp"
    >
      5
    </div>
    <div
      className="sc-bdVaJa fGkvKS"
    >
      6
    </div>
    <div
      className="sc-bdVaJa idLRsj"
    >
      7
    </div>
    <div
      className="sc-bdVaJa fNcbOa"
    >
      8
    </div>
    <div
      className="sc-bdVaJa fpznfK"
    >
      9
    </div>
    <div
      className="sc-bdVaJa hELaXa"
    >
      10
    </div>
    <div
      className="sc-bdVaJa bHSUef"
    >
      11
    </div>
    <div
      className="sc-bdVaJa dEOBQp"
    >
      12
    </div>
    <div
      className="sc-bdVaJa fGkvKS"
    >
      13
    </div>
    <div
      className="sc-bdVaJa idLRsj"
    >
      14
    </div>
    <div
      className="sc-bdVaJa fNcbOa"
    >
      15
    </div>
    <div
      className="sc-bdVaJa fpznfK"
    >
      16
    </div>
    <div
      className="sc-bdVaJa hELaXa"
    >
      17
    </div>
    <div
      className="sc-bdVaJa bHSUef"
    >
      18
    </div>
    <div
      className="sc-bdVaJa dEOBQp"
    >
      19
    </div>
    <div
      className="sc-bdVaJa fGkvKS"
    >
      20
    </div>
    <div
      className="sc-bdVaJa idLRsj"
    >
      21
    </div>
    <div
      className="sc-bdVaJa fNcbOa"
    >
      22
    </div>
    <div
      className="sc-bdVaJa fpznfK"
    >
      23
    </div>
    <div
      className="sc-bdVaJa hELaXa"
    >
      24
    </div>
    <div
      className="sc-bdVaJa bHSUef"
    >
      25
    </div>
    <div
      className="sc-bdVaJa dEOBQp"
    >
      26
    </div>
    <div
      className="sc-bdVaJa fGkvKS"
    >
      27
    </div>
    <div
      className="sc-bdVaJa idLRsj"
    >
      28
    </div>
    <div
      className="sc-bdVaJa fNcbOa"
    >
      29
    </div>
    <div
      className="sc-bdVaJa fpznfK"
    >
      30
    </div>
    <div
      className="sc-bdVaJa hELaXa"
    >
      31
    </div>
  </div>
</div>
`;
